[ellipsoid-vibraphone-h3bs.squarespace.com/index.html]
[backblue.gif]
[fade.gif]
[index.html]
[images.squarespace-cdn.com/content/5e640582bf292010870f89de/1583630554833-WQ1E8LFPFJ9375LGB3D1/1911+Portraitee8a.jpg]
[assets.squarespace.com/@sqs/polyfiller/1.6/legacy.js]
[assets.squarespace.com/@sqs/polyfiller/1.6/modern.js]
[assets.squarespace.com/universal/scripts-compressed/extract-css-runtime-0a8d3ce75d534a9041c2-min.en-US.js]
[assets.squarespace.com/universal/scripts-compressed/extract-css-moment-js-vendor-6c569122bfa66a51a056-min.en-US.js]
[assets.squarespace.com/universal/scripts-compressed/cldr-resource-pack-907dfe7701e90c1e5cbd-min.en-US.js]
[assets.squarespace.com/universal/scripts-compressed/common-vendors-stable-61293f01d648eef165fc-min.en-US.js]
[assets.squarespace.com/universal/scripts-compressed/common-vendors-fe1baf648d88cd20b1a8-min.en-US.js]
[assets.squarespace.com/universal/styles-compressed/commerce-3521e0fe0f49a15e7694-min.en-US.css]
[assets.squarespace.com/universal/scripts-compressed/common-ee0a45a17df6a501f696-min.en-US.js]
[assets.squarespace.com/universal/scripts-compressed/performance-4b027c6f3115a3c97316-min.en-US.js]
[assets.squarespace.com/universal/scripts-compressed/commerce-7d28234e72ace4cc4d15-min.en-US.js]
[static1.squarespace.com/static/versioned-site-css/5e640582bf292010870f89de/51/5c5a519771c10ba3470d8101/5e640582bf292010870f89f8/1600/site.css]
[static1.squarespace.com/static/vta/5c5a519771c10ba3470d8101/versioned-assets/1736449968437-DER6SK7FO3QULVG4XGBZ/static.css]
[images.squarespace-cdn.com/content/v1/5e640582bf292010870f89de/1583614106565-P972U2HJC1T126MZG4Z2/75477012_497605067528586_7871567636634679516_n.jpg]
[images.squarespace-cdn.com/content/v1/5e640582bf292010870f89de/1583633854386-7S12S2OXV2BC9976B86Q/1_Krousky_Stevie+Stevie_Pablo_Womb+Room.jpg]
[images.squarespace-cdn.com/content/v1/5e640582bf292010870f89de/1583631724078-75Z82BD51K3RCGO2LJG0/59_Stevie+Stevie_Lilly_Womb+Room.jpg]
[images.squarespace-cdn.com/content/v1/5e640582bf292010870f89de/1583631700460-DJOF1FNMCMYAB0AG3OVF/44_Claire+Mclntyre_Swamp+Witch_Cabins.jpg]
[images.squarespace-cdn.com/content/v1/5e640582bf292010870f89de/1583631729738-ZBUC2CA81RR8J1TKYCI2/35_Lightwriter_Phoenix_Circus.jpg]
[images.squarespace-cdn.com/content/v1/5e640582bf292010870f89de/1583631717917-H1ATGCZ3K6KRPHESOSJA/13_Lightwriter_Panopticon.jpg]
[images.squarespace-cdn.com/content/v1/5e640582bf292010870f89de/c81099b6-6df2-463e-abcf-1adf82e42b31/80678077_1337190676443112_8645619212359827456_o.jpg]
[images.squarespace-cdn.com/content/v1/5e640582bf292010870f89de/1583631731202-WQZS69EOHDQ36IP9835D/69_Krousky_Ophelia+Overdose.jpg]
[images.squarespace-cdn.com/content/v1/5e640582bf292010870f89de/1583632733985-BM6DMISCYIP9O18LW131/Belen+8fit.png]
[images.squarespace-cdn.com/content/v1/5e640582bf292010870f89de/1583634560557-4VZ5LDB3ECG4GMFAPOZB/Redbooth+Pablo+Villalba.png]
[static1.squarespace.com/static/vta/5c5a519771c10ba3470d8101/scripts/site-bundle.03f6b4da1188b5006917209e252012ea.js]
[ellipsoid-vibraphone-h3bs.squarespace.com/index.html]
[assets.squarespace.com/universal/images-v6/standard/icon_close_7_light.png]
[assets.squarespace.com/universal/styles-compressed/commerce-3521e0fe0f49a15e7694-min.en-US.css]
[assets.squarespace.com/universal/images-v6/damask/error-dark.png]
[assets.squarespace.com/universal/images-v6/damask/error-dark@2x.png]
[assets.squarespace.com/universal/images-v6/damask/play-button.png]
[assets.squarespace.com/universal/images-v6/damask/play-button@2x.png]
[assets.squarespace.com/universal/images-v6/damask/edit-aviary-light.png]
[assets.squarespace.com/universal/images-v6/damask/edit-aviary-light@2x.png]
[assets.squarespace.com/universal/images-v6/damask/edit-info-light.png]
[assets.squarespace.com/universal/images-v6/damask/edit-info-light@2x.png]
[assets.squarespace.com/universal/images-v6/damask/trash-9-light.png]
[assets.squarespace.com/universal/images-v6/damask/trash-9-light@2x.png]
[assets.squarespace.com/universal/images-v6/damask/trash-9-red.png]
[assets.squarespace.com/universal/images-v6/damask/trash-9-red@2x.png]
[assets.squarespace.com/universal/images-v6/damask/getty-16-light.png]
[assets.squarespace.com/universal/images-v6/damask/getty-32-light.png]
[assets.squarespace.com/universal/images-v6/damask/shopping-cart-16-light.png]
[assets.squarespace.com/universal/images-v6/damask/shopping-cart-32-light.png]
[assets.squarespace.com/universal/images-v6/icons/block-indicator-dark.png]
[assets.squarespace.com/universal/images-v6/icons/block-indicator-dark@2x.png]
[assets.squarespace.com/universal/fonts/squarespace-ui-font.woff]
[assets.squarespace.com/universal/fonts/squarespace-ui-font.ttf]
[assets.squarespace.com/universal/images-v6/icons/opentable-icons.png]
[assets.squarespace.com/universal/images-v6/icons/icon-searchqueries-20-dark.png]
[assets.squarespace.com/universal/images-v6/icons/icon-searchqueries-20-light.png]
[assets.squarespace.com/universal/images-v6/icons/icon-video-24-light-solid.png]
[assets.squarespace.com/universal/images-v6/icons/icon-settings-16-light.png]
[assets.squarespace.com/universal/fonts/social-20141119/social-icon-font.woff]
[assets.squarespace.com/universal/fonts/social-20141119/social-icon-font.ttf]
[static1.squarespace.com/static/versioned-site-css/5e640582bf292010870f89de/51/5c5a519771c10ba3470d8101/5e640582bf292010870f89f8/1600/site.css]
[static1.squarespace.com/static/vta/5c5a519771c10ba3470d8101/versioned-assets/1736449968437-DER6SK7FO3QULVG4XGBZ/static.css]
